// Jest Snapshot v1, https://goo.gl/fbAQLP

exports[`Logo Component should render properly 1`] = `undefined`;
